// Jest Snapshot v1, https://goo.gl/fbAQLP

exports[`<Button /> should be matched with the snapshot 1`] = `
<button
  className="btn"
  onClick={
    [MockFunction] {
      "calls": Array [
        Array [],
      ],
      "results": Array [
        Object {
          "isThrow": false,
          "value": undefined,
        },
      ],
    }
  }
>
  button
</button>
`;
