// Jest Snapshot v1, https://goo.gl/fbAQLP

exports[`<CalController /> should be matched with the snapshot 1`] = `
<CalController
  onArrowClick={
    [MockFunction] {
      "calls": Array [
        Array [],
      ],
      "results": Array [
        Object {
          "isThrow": false,
          "value": undefined,
        },
      ],
    }
  }
  onTypeClick={
    [MockFunction] {
      "calls": Array [
        Array [],
      ],
      "results": Array [
        Object {
          "isThrow": false,
          "value": undefined,
        },
      ],
    }
  }
  title="title"
  type="months"
>
  <article
    className="controller"
  >
    <section
      className="date-control"
    >
      <button
        className="btn arrow left"
        name="previous"
        onClick={
          [MockFunction] {
            "calls": Array [
              Array [],
            ],
            "results": Array [
              Object {
                "isThrow": false,
                "value": undefined,
              },
            ],
          }
        }
        type="button"
      />
      <div
        className="title"
      >
        title
      </div>
      <button
        className="btn arrow right"
        name="next"
        onClick={
          [MockFunction] {
            "calls": Array [
              Array [],
            ],
            "results": Array [
              Object {
                "isThrow": false,
                "value": undefined,
              },
            ],
          }
        }
        type="button"
      />
    </section>
    <section
      className="type-control"
    >
      <button
        className="btn secondary"
        name="month"
        onClick={
          [MockFunction] {
            "calls": Array [
              Array [],
            ],
            "results": Array [
              Object {
                "isThrow": false,
                "value": undefined,
              },
            ],
          }
        }
        type="button"
      >
        월
      </button>
      <button
        className="btn secondary"
        name="week"
        onClick={
          [MockFunction] {
            "calls": Array [
              Array [],
            ],
            "results": Array [
              Object {
                "isThrow": false,
                "value": undefined,
              },
            ],
          }
        }
        type="button"
      >
        주
      </button>
    </section>
  </article>
</CalController>
`;
