// Jest Snapshot v1, https://goo.gl/fbAQLP

exports[`<CalController /> should be matched with the snapshot 1`] = `
<CalController
  currentDate={"2018-10-12T15:00:00.000Z"}
  onArrowClick={
    [MockFunction] {
      "calls": Array [
        Array [],
      ],
      "results": Array [
        Object {
          "isThrow": false,
          "value": undefined,
        },
      ],
    }
  }
  onTypeChange={
    [MockFunction] {
      "calls": Array [
        Array [],
      ],
      "results": Array [
        Object {
          "isThrow": false,
          "value": undefined,
        },
      ],
    }
  }
  type="months"
>
  <article
    className="controller"
  >
    <div
      className="controller-wrapper"
    >
      <section
        className="date-control"
      >
        <Arrow
          direction="previous"
          name="previous"
          onClick={
            [MockFunction] {
              "calls": Array [
                Array [],
              ],
              "results": Array [
                Object {
                  "isThrow": false,
                  "value": undefined,
                },
              ],
            }
          }
        >
          <button
            className="arrow previous"
            name="previous"
            onClick={
              [MockFunction] {
                "calls": Array [
                  Array [],
                ],
                "results": Array [
                  Object {
                    "isThrow": false,
                    "value": undefined,
                  },
                ],
              }
            }
          />
        </Arrow>
        <div
          className="title"
        />
        <Arrow
          direction="next"
          name="next"
          onClick={
            [MockFunction] {
              "calls": Array [
                Array [],
              ],
              "results": Array [
                Object {
                  "isThrow": false,
                  "value": undefined,
                },
              ],
            }
          }
        >
          <button
            className="arrow next"
            name="next"
            onClick={
              [MockFunction] {
                "calls": Array [
                  Array [],
                ],
                "results": Array [
                  Object {
                    "isThrow": false,
                    "value": undefined,
                  },
                ],
              }
            }
          />
        </Arrow>
      </section>
      <section
        className="type-control"
      >
        <button
          className="btn primary"
          name="month"
          onClick={
            [MockFunction] {
              "calls": Array [
                Array [],
              ],
              "results": Array [
                Object {
                  "isThrow": false,
                  "value": undefined,
                },
              ],
            }
          }
          type="button"
        >
          월
        </button>
        <button
          className="btn primary"
          name="week"
          onClick={
            [MockFunction] {
              "calls": Array [
                Array [],
              ],
              "results": Array [
                Object {
                  "isThrow": false,
                  "value": undefined,
                },
              ],
            }
          }
          type="button"
        >
          주
        </button>
      </section>
    </div>
  </article>
</CalController>
`;
