// Jest Snapshot v1, https://goo.gl/fbAQLP

exports[`<Calendar /> should be matched with the snapshot 1`] = `
<Calendar
  range={
    Array [
      30,
      1,
      2,
      3,
      4,
      5,
      6,
      7,
      8,
      9,
      10,
      11,
      12,
      13,
      14,
      15,
      16,
      17,
      18,
      19,
      20,
      21,
      22,
      23,
      24,
      25,
      26,
      27,
      28,
      29,
      30,
      31,
      1,
      2,
      3,
    ]
  }
  type="month"
>
  <article
    className="calendar"
  >
    <MonthCalendar
      range={
        Array [
          30,
          1,
          2,
          3,
          4,
          5,
          6,
          7,
          8,
          9,
          10,
          11,
          12,
          13,
          14,
          15,
          16,
          17,
          18,
          19,
          20,
          21,
          22,
          23,
          24,
          25,
          26,
          27,
          28,
          29,
          30,
          31,
          1,
          2,
          3,
        ]
      }
    >
      <section
        className="month-calendar"
      >
        <CalendarDay
          date={30}
          day="일"
        >
          <button
            className="cal-block"
          >
            <div
              className="day"
            >
              일
            </div>
            <div>
              30
            </div>
          </button>
        </CalendarDay>
        <CalendarDay
          date={1}
          day="월"
        >
          <button
            className="cal-block"
          >
            <div
              className="day"
            >
              월
            </div>
            <div>
              1
            </div>
          </button>
        </CalendarDay>
        <CalendarDay
          date={2}
          day="화"
        >
          <button
            className="cal-block"
          >
            <div
              className="day"
            >
              화
            </div>
            <div>
              2
            </div>
          </button>
        </CalendarDay>
        <CalendarDay
          date={3}
          day="수"
        >
          <button
            className="cal-block"
          >
            <div
              className="day"
            >
              수
            </div>
            <div>
              3
            </div>
          </button>
        </CalendarDay>
        <CalendarDay
          date={4}
          day="목"
        >
          <button
            className="cal-block"
          >
            <div
              className="day"
            >
              목
            </div>
            <div>
              4
            </div>
          </button>
        </CalendarDay>
        <CalendarDay
          date={5}
          day="금"
        >
          <button
            className="cal-block"
          >
            <div
              className="day"
            >
              금
            </div>
            <div>
              5
            </div>
          </button>
        </CalendarDay>
        <CalendarDay
          date={6}
          day="토"
        >
          <button
            className="cal-block"
          >
            <div
              className="day"
            >
              토
            </div>
            <div>
              6
            </div>
          </button>
        </CalendarDay>
        <CalendarDay
          date={7}
        >
          <button
            className="cal-block"
          >
            <div>
              7
            </div>
          </button>
        </CalendarDay>
        <CalendarDay
          date={8}
        >
          <button
            className="cal-block"
          >
            <div>
              8
            </div>
          </button>
        </CalendarDay>
        <CalendarDay
          date={9}
        >
          <button
            className="cal-block"
          >
            <div>
              9
            </div>
          </button>
        </CalendarDay>
        <CalendarDay
          date={10}
        >
          <button
            className="cal-block"
          >
            <div>
              10
            </div>
          </button>
        </CalendarDay>
        <CalendarDay
          date={11}
        >
          <button
            className="cal-block"
          >
            <div>
              11
            </div>
          </button>
        </CalendarDay>
        <CalendarDay
          date={12}
        >
          <button
            className="cal-block"
          >
            <div>
              12
            </div>
          </button>
        </CalendarDay>
        <CalendarDay
          date={13}
        >
          <button
            className="cal-block"
          >
            <div>
              13
            </div>
          </button>
        </CalendarDay>
        <CalendarDay
          date={14}
        >
          <button
            className="cal-block"
          >
            <div>
              14
            </div>
          </button>
        </CalendarDay>
        <CalendarDay
          date={15}
        >
          <button
            className="cal-block"
          >
            <div>
              15
            </div>
          </button>
        </CalendarDay>
        <CalendarDay
          date={16}
        >
          <button
            className="cal-block"
          >
            <div>
              16
            </div>
          </button>
        </CalendarDay>
        <CalendarDay
          date={17}
        >
          <button
            className="cal-block"
          >
            <div>
              17
            </div>
          </button>
        </CalendarDay>
        <CalendarDay
          date={18}
        >
          <button
            className="cal-block"
          >
            <div>
              18
            </div>
          </button>
        </CalendarDay>
        <CalendarDay
          date={19}
        >
          <button
            className="cal-block"
          >
            <div>
              19
            </div>
          </button>
        </CalendarDay>
        <CalendarDay
          date={20}
        >
          <button
            className="cal-block"
          >
            <div>
              20
            </div>
          </button>
        </CalendarDay>
        <CalendarDay
          date={21}
        >
          <button
            className="cal-block"
          >
            <div>
              21
            </div>
          </button>
        </CalendarDay>
        <CalendarDay
          date={22}
        >
          <button
            className="cal-block"
          >
            <div>
              22
            </div>
          </button>
        </CalendarDay>
        <CalendarDay
          date={23}
        >
          <button
            className="cal-block"
          >
            <div>
              23
            </div>
          </button>
        </CalendarDay>
        <CalendarDay
          date={24}
        >
          <button
            className="cal-block"
          >
            <div>
              24
            </div>
          </button>
        </CalendarDay>
        <CalendarDay
          date={25}
        >
          <button
            className="cal-block"
          >
            <div>
              25
            </div>
          </button>
        </CalendarDay>
        <CalendarDay
          date={26}
        >
          <button
            className="cal-block"
          >
            <div>
              26
            </div>
          </button>
        </CalendarDay>
        <CalendarDay
          date={27}
        >
          <button
            className="cal-block"
          >
            <div>
              27
            </div>
          </button>
        </CalendarDay>
        <CalendarDay
          date={28}
        >
          <button
            className="cal-block"
          >
            <div>
              28
            </div>
          </button>
        </CalendarDay>
        <CalendarDay
          date={29}
        >
          <button
            className="cal-block"
          >
            <div>
              29
            </div>
          </button>
        </CalendarDay>
        <CalendarDay
          date={30}
        >
          <button
            className="cal-block"
          >
            <div>
              30
            </div>
          </button>
        </CalendarDay>
        <CalendarDay
          date={31}
        >
          <button
            className="cal-block"
          >
            <div>
              31
            </div>
          </button>
        </CalendarDay>
        <CalendarDay
          date={1}
        >
          <button
            className="cal-block"
          >
            <div>
              1
            </div>
          </button>
        </CalendarDay>
        <CalendarDay
          date={2}
        >
          <button
            className="cal-block"
          >
            <div>
              2
            </div>
          </button>
        </CalendarDay>
        <CalendarDay
          date={3}
        >
          <button
            className="cal-block"
          >
            <div>
              3
            </div>
          </button>
        </CalendarDay>
      </section>
    </MonthCalendar>
  </article>
</Calendar>
`;
