// Jest Snapshot v1, https://goo.gl/fbAQLP

exports[`<Calendar /> should be matched with the snapshot 1`] = `
<Calendar
  currentDate={"2018-10-12T15:00:00.000Z"}
  data={
    Object {
      "2018-10-13": Object {
        "9": Object {
          "end_date": "2018-10-12T16:00:00.000Z",
          "start_date": "2018-10-12T15:00:00.000Z",
          "title": "title",
        },
      },
    }
  }
  onToggle={[MockFunction]}
  range={
    Array [
      Object {
        "date": 30,
        "moment": "2018-09-29T15:00:00.000Z",
        "month": 9,
        "year": 2018,
      },
      Object {
        "date": 1,
        "moment": "2018-09-30T15:00:00.000Z",
        "month": 10,
        "year": 2018,
      },
      Object {
        "date": 2,
        "moment": "2018-10-01T15:00:00.000Z",
        "month": 10,
        "year": 2018,
      },
      Object {
        "date": 3,
        "moment": "2018-10-02T15:00:00.000Z",
        "month": 10,
        "year": 2018,
      },
      Object {
        "date": 4,
        "moment": "2018-10-03T15:00:00.000Z",
        "month": 10,
        "year": 2018,
      },
      Object {
        "date": 5,
        "moment": "2018-10-04T15:00:00.000Z",
        "month": 10,
        "year": 2018,
      },
      Object {
        "date": 6,
        "moment": "2018-10-05T15:00:00.000Z",
        "month": 10,
        "year": 2018,
      },
      Object {
        "date": 7,
        "moment": "2018-10-06T15:00:00.000Z",
        "month": 10,
        "year": 2018,
      },
      Object {
        "date": 8,
        "moment": "2018-10-07T15:00:00.000Z",
        "month": 10,
        "year": 2018,
      },
      Object {
        "date": 9,
        "moment": "2018-10-08T15:00:00.000Z",
        "month": 10,
        "year": 2018,
      },
      Object {
        "date": 10,
        "moment": "2018-10-09T15:00:00.000Z",
        "month": 10,
        "year": 2018,
      },
      Object {
        "date": 11,
        "moment": "2018-10-10T15:00:00.000Z",
        "month": 10,
        "year": 2018,
      },
      Object {
        "date": 12,
        "moment": "2018-10-11T15:00:00.000Z",
        "month": 10,
        "year": 2018,
      },
      Object {
        "date": 13,
        "moment": "2018-10-12T15:00:00.000Z",
        "month": 10,
        "year": 2018,
      },
      Object {
        "date": 14,
        "moment": "2018-10-13T15:00:00.000Z",
        "month": 10,
        "year": 2018,
      },
      Object {
        "date": 15,
        "moment": "2018-10-14T15:00:00.000Z",
        "month": 10,
        "year": 2018,
      },
      Object {
        "date": 16,
        "moment": "2018-10-15T15:00:00.000Z",
        "month": 10,
        "year": 2018,
      },
      Object {
        "date": 17,
        "moment": "2018-10-16T15:00:00.000Z",
        "month": 10,
        "year": 2018,
      },
      Object {
        "date": 18,
        "moment": "2018-10-17T15:00:00.000Z",
        "month": 10,
        "year": 2018,
      },
      Object {
        "date": 19,
        "moment": "2018-10-18T15:00:00.000Z",
        "month": 10,
        "year": 2018,
      },
      Object {
        "date": 20,
        "moment": "2018-10-19T15:00:00.000Z",
        "month": 10,
        "year": 2018,
      },
      Object {
        "date": 21,
        "moment": "2018-10-20T15:00:00.000Z",
        "month": 10,
        "year": 2018,
      },
      Object {
        "date": 22,
        "moment": "2018-10-21T15:00:00.000Z",
        "month": 10,
        "year": 2018,
      },
      Object {
        "date": 23,
        "moment": "2018-10-22T15:00:00.000Z",
        "month": 10,
        "year": 2018,
      },
      Object {
        "date": 24,
        "moment": "2018-10-23T15:00:00.000Z",
        "month": 10,
        "year": 2018,
      },
      Object {
        "date": 25,
        "moment": "2018-10-24T15:00:00.000Z",
        "month": 10,
        "year": 2018,
      },
      Object {
        "date": 26,
        "moment": "2018-10-25T15:00:00.000Z",
        "month": 10,
        "year": 2018,
      },
      Object {
        "date": 27,
        "moment": "2018-10-26T15:00:00.000Z",
        "month": 10,
        "year": 2018,
      },
      Object {
        "date": 28,
        "moment": "2018-10-27T15:00:00.000Z",
        "month": 10,
        "year": 2018,
      },
      Object {
        "date": 29,
        "moment": "2018-10-28T15:00:00.000Z",
        "month": 10,
        "year": 2018,
      },
      Object {
        "date": 30,
        "moment": "2018-10-29T15:00:00.000Z",
        "month": 10,
        "year": 2018,
      },
      Object {
        "date": 31,
        "moment": "2018-10-30T15:00:00.000Z",
        "month": 10,
        "year": 2018,
      },
      Object {
        "date": 1,
        "moment": "2018-10-31T15:00:00.000Z",
        "month": 11,
        "year": 2018,
      },
      Object {
        "date": 2,
        "moment": "2018-11-01T15:00:00.000Z",
        "month": 11,
        "year": 2018,
      },
      Object {
        "date": 3,
        "moment": "2018-11-02T15:00:00.000Z",
        "month": 11,
        "year": 2018,
      },
    ]
  }
  type="month"
>
  <article
    className="calendar"
  >
    <MonthCalendar
      currentDate={"2018-10-12T15:00:00.000Z"}
      data={
        Object {
          "2018-10-13": Object {
            "9": Object {
              "end_date": "2018-10-12T16:00:00.000Z",
              "start_date": "2018-10-12T15:00:00.000Z",
              "title": "title",
            },
          },
        }
      }
      onToggle={[MockFunction]}
      range={
        Array [
          Object {
            "date": 30,
            "moment": "2018-09-29T15:00:00.000Z",
            "month": 9,
            "year": 2018,
          },
          Object {
            "date": 1,
            "moment": "2018-09-30T15:00:00.000Z",
            "month": 10,
            "year": 2018,
          },
          Object {
            "date": 2,
            "moment": "2018-10-01T15:00:00.000Z",
            "month": 10,
            "year": 2018,
          },
          Object {
            "date": 3,
            "moment": "2018-10-02T15:00:00.000Z",
            "month": 10,
            "year": 2018,
          },
          Object {
            "date": 4,
            "moment": "2018-10-03T15:00:00.000Z",
            "month": 10,
            "year": 2018,
          },
          Object {
            "date": 5,
            "moment": "2018-10-04T15:00:00.000Z",
            "month": 10,
            "year": 2018,
          },
          Object {
            "date": 6,
            "moment": "2018-10-05T15:00:00.000Z",
            "month": 10,
            "year": 2018,
          },
          Object {
            "date": 7,
            "moment": "2018-10-06T15:00:00.000Z",
            "month": 10,
            "year": 2018,
          },
          Object {
            "date": 8,
            "moment": "2018-10-07T15:00:00.000Z",
            "month": 10,
            "year": 2018,
          },
          Object {
            "date": 9,
            "moment": "2018-10-08T15:00:00.000Z",
            "month": 10,
            "year": 2018,
          },
          Object {
            "date": 10,
            "moment": "2018-10-09T15:00:00.000Z",
            "month": 10,
            "year": 2018,
          },
          Object {
            "date": 11,
            "moment": "2018-10-10T15:00:00.000Z",
            "month": 10,
            "year": 2018,
          },
          Object {
            "date": 12,
            "moment": "2018-10-11T15:00:00.000Z",
            "month": 10,
            "year": 2018,
          },
          Object {
            "date": 13,
            "moment": "2018-10-12T15:00:00.000Z",
            "month": 10,
            "year": 2018,
          },
          Object {
            "date": 14,
            "moment": "2018-10-13T15:00:00.000Z",
            "month": 10,
            "year": 2018,
          },
          Object {
            "date": 15,
            "moment": "2018-10-14T15:00:00.000Z",
            "month": 10,
            "year": 2018,
          },
          Object {
            "date": 16,
            "moment": "2018-10-15T15:00:00.000Z",
            "month": 10,
            "year": 2018,
          },
          Object {
            "date": 17,
            "moment": "2018-10-16T15:00:00.000Z",
            "month": 10,
            "year": 2018,
          },
          Object {
            "date": 18,
            "moment": "2018-10-17T15:00:00.000Z",
            "month": 10,
            "year": 2018,
          },
          Object {
            "date": 19,
            "moment": "2018-10-18T15:00:00.000Z",
            "month": 10,
            "year": 2018,
          },
          Object {
            "date": 20,
            "moment": "2018-10-19T15:00:00.000Z",
            "month": 10,
            "year": 2018,
          },
          Object {
            "date": 21,
            "moment": "2018-10-20T15:00:00.000Z",
            "month": 10,
            "year": 2018,
          },
          Object {
            "date": 22,
            "moment": "2018-10-21T15:00:00.000Z",
            "month": 10,
            "year": 2018,
          },
          Object {
            "date": 23,
            "moment": "2018-10-22T15:00:00.000Z",
            "month": 10,
            "year": 2018,
          },
          Object {
            "date": 24,
            "moment": "2018-10-23T15:00:00.000Z",
            "month": 10,
            "year": 2018,
          },
          Object {
            "date": 25,
            "moment": "2018-10-24T15:00:00.000Z",
            "month": 10,
            "year": 2018,
          },
          Object {
            "date": 26,
            "moment": "2018-10-25T15:00:00.000Z",
            "month": 10,
            "year": 2018,
          },
          Object {
            "date": 27,
            "moment": "2018-10-26T15:00:00.000Z",
            "month": 10,
            "year": 2018,
          },
          Object {
            "date": 28,
            "moment": "2018-10-27T15:00:00.000Z",
            "month": 10,
            "year": 2018,
          },
          Object {
            "date": 29,
            "moment": "2018-10-28T15:00:00.000Z",
            "month": 10,
            "year": 2018,
          },
          Object {
            "date": 30,
            "moment": "2018-10-29T15:00:00.000Z",
            "month": 10,
            "year": 2018,
          },
          Object {
            "date": 31,
            "moment": "2018-10-30T15:00:00.000Z",
            "month": 10,
            "year": 2018,
          },
          Object {
            "date": 1,
            "moment": "2018-10-31T15:00:00.000Z",
            "month": 11,
            "year": 2018,
          },
          Object {
            "date": 2,
            "moment": "2018-11-01T15:00:00.000Z",
            "month": 11,
            "year": 2018,
          },
          Object {
            "date": 3,
            "moment": "2018-11-02T15:00:00.000Z",
            "month": 11,
            "year": 2018,
          },
        ]
      }
    >
      <section
        className="month-calendar"
      >
        <CalendarDay
          currentDate={"2018-10-12T15:00:00.000Z"}
          dateObj={
            Object {
              "date": 30,
              "moment": "2018-09-29T15:00:00.000Z",
              "month": 9,
              "year": 2018,
            }
          }
          day="일"
          key="0"
          onToggle={[MockFunction]}
        >
          <div
            className="cal-block"
            onClick={[Function]}
          >
            <div
              className="day"
            >
              일
            </div>
            <div>
              9월 30일
            </div>
          </div>
        </CalendarDay>
        <CalendarDay
          currentDate={"2018-10-12T15:00:00.000Z"}
          dateObj={
            Object {
              "date": 1,
              "moment": "2018-09-30T15:00:00.000Z",
              "month": 10,
              "year": 2018,
            }
          }
          day="월"
          key="1"
          onToggle={[MockFunction]}
        >
          <div
            className="cal-block"
            onClick={[Function]}
          >
            <div
              className="day"
            >
              월
            </div>
            <div>
              1
            </div>
          </div>
        </CalendarDay>
        <CalendarDay
          currentDate={"2018-10-12T15:00:00.000Z"}
          dateObj={
            Object {
              "date": 2,
              "moment": "2018-10-01T15:00:00.000Z",
              "month": 10,
              "year": 2018,
            }
          }
          day="화"
          key="2"
          onToggle={[MockFunction]}
        >
          <div
            className="cal-block"
            onClick={[Function]}
          >
            <div
              className="day"
            >
              화
            </div>
            <div>
              2
            </div>
          </div>
        </CalendarDay>
        <CalendarDay
          currentDate={"2018-10-12T15:00:00.000Z"}
          dateObj={
            Object {
              "date": 3,
              "moment": "2018-10-02T15:00:00.000Z",
              "month": 10,
              "year": 2018,
            }
          }
          day="수"
          key="3"
          onToggle={[MockFunction]}
        >
          <div
            className="cal-block"
            onClick={[Function]}
          >
            <div
              className="day"
            >
              수
            </div>
            <div>
              3
            </div>
          </div>
        </CalendarDay>
        <CalendarDay
          currentDate={"2018-10-12T15:00:00.000Z"}
          dateObj={
            Object {
              "date": 4,
              "moment": "2018-10-03T15:00:00.000Z",
              "month": 10,
              "year": 2018,
            }
          }
          day="목"
          key="4"
          onToggle={[MockFunction]}
        >
          <div
            className="cal-block"
            onClick={[Function]}
          >
            <div
              className="day"
            >
              목
            </div>
            <div>
              4
            </div>
          </div>
        </CalendarDay>
        <CalendarDay
          currentDate={"2018-10-12T15:00:00.000Z"}
          dateObj={
            Object {
              "date": 5,
              "moment": "2018-10-04T15:00:00.000Z",
              "month": 10,
              "year": 2018,
            }
          }
          day="금"
          key="5"
          onToggle={[MockFunction]}
        >
          <div
            className="cal-block"
            onClick={[Function]}
          >
            <div
              className="day"
            >
              금
            </div>
            <div>
              5
            </div>
          </div>
        </CalendarDay>
        <CalendarDay
          currentDate={"2018-10-12T15:00:00.000Z"}
          dateObj={
            Object {
              "date": 6,
              "moment": "2018-10-05T15:00:00.000Z",
              "month": 10,
              "year": 2018,
            }
          }
          day="토"
          key="6"
          onToggle={[MockFunction]}
        >
          <div
            className="cal-block"
            onClick={[Function]}
          >
            <div
              className="day"
            >
              토
            </div>
            <div>
              6
            </div>
          </div>
        </CalendarDay>
        <CalendarDay
          currentDate={"2018-10-12T15:00:00.000Z"}
          dateObj={
            Object {
              "date": 7,
              "moment": "2018-10-06T15:00:00.000Z",
              "month": 10,
              "year": 2018,
            }
          }
          key="7"
          onToggle={[MockFunction]}
        >
          <div
            className="cal-block"
            onClick={[Function]}
          >
            <div>
              7
            </div>
          </div>
        </CalendarDay>
        <CalendarDay
          currentDate={"2018-10-12T15:00:00.000Z"}
          dateObj={
            Object {
              "date": 8,
              "moment": "2018-10-07T15:00:00.000Z",
              "month": 10,
              "year": 2018,
            }
          }
          key="8"
          onToggle={[MockFunction]}
        >
          <div
            className="cal-block"
            onClick={[Function]}
          >
            <div>
              8
            </div>
          </div>
        </CalendarDay>
        <CalendarDay
          currentDate={"2018-10-12T15:00:00.000Z"}
          dateObj={
            Object {
              "date": 9,
              "moment": "2018-10-08T15:00:00.000Z",
              "month": 10,
              "year": 2018,
            }
          }
          key="9"
          onToggle={[MockFunction]}
        >
          <div
            className="cal-block"
            onClick={[Function]}
          >
            <div>
              9
            </div>
          </div>
        </CalendarDay>
        <CalendarDay
          currentDate={"2018-10-12T15:00:00.000Z"}
          dateObj={
            Object {
              "date": 10,
              "moment": "2018-10-09T15:00:00.000Z",
              "month": 10,
              "year": 2018,
            }
          }
          key="10"
          onToggle={[MockFunction]}
        >
          <div
            className="cal-block"
            onClick={[Function]}
          >
            <div>
              10
            </div>
          </div>
        </CalendarDay>
        <CalendarDay
          currentDate={"2018-10-12T15:00:00.000Z"}
          dateObj={
            Object {
              "date": 11,
              "moment": "2018-10-10T15:00:00.000Z",
              "month": 10,
              "year": 2018,
            }
          }
          key="11"
          onToggle={[MockFunction]}
        >
          <div
            className="cal-block"
            onClick={[Function]}
          >
            <div>
              11
            </div>
          </div>
        </CalendarDay>
        <CalendarDay
          currentDate={"2018-10-12T15:00:00.000Z"}
          dateObj={
            Object {
              "date": 12,
              "moment": "2018-10-11T15:00:00.000Z",
              "month": 10,
              "year": 2018,
            }
          }
          key="12"
          onToggle={[MockFunction]}
        >
          <div
            className="cal-block"
            onClick={[Function]}
          >
            <div>
              12
            </div>
          </div>
        </CalendarDay>
        <CalendarDay
          currentDate={"2018-10-12T15:00:00.000Z"}
          dateObj={
            Object {
              "date": 13,
              "moment": "2018-10-12T15:00:00.000Z",
              "month": 10,
              "year": 2018,
            }
          }
          key="13"
          onToggle={[MockFunction]}
        >
          <div
            className="cal-block"
            onClick={[Function]}
          >
            <div>
              13
            </div>
            <EventBlock
              key="0"
              onToggle={[Function]}
            >
              <button
                className="event-block btn"
                onClick={[Function]}
                type="button"
              >
                ○ 
                9:00 title
              </button>
            </EventBlock>
          </div>
        </CalendarDay>
        <CalendarDay
          currentDate={"2018-10-12T15:00:00.000Z"}
          dateObj={
            Object {
              "date": 14,
              "moment": "2018-10-13T15:00:00.000Z",
              "month": 10,
              "year": 2018,
            }
          }
          key="14"
          onToggle={[MockFunction]}
        >
          <div
            className="cal-block"
            onClick={[Function]}
          >
            <div>
              14
            </div>
          </div>
        </CalendarDay>
        <CalendarDay
          currentDate={"2018-10-12T15:00:00.000Z"}
          dateObj={
            Object {
              "date": 15,
              "moment": "2018-10-14T15:00:00.000Z",
              "month": 10,
              "year": 2018,
            }
          }
          key="15"
          onToggle={[MockFunction]}
        >
          <div
            className="cal-block"
            onClick={[Function]}
          >
            <div>
              15
            </div>
          </div>
        </CalendarDay>
        <CalendarDay
          currentDate={"2018-10-12T15:00:00.000Z"}
          dateObj={
            Object {
              "date": 16,
              "moment": "2018-10-15T15:00:00.000Z",
              "month": 10,
              "year": 2018,
            }
          }
          key="16"
          onToggle={[MockFunction]}
        >
          <div
            className="cal-block"
            onClick={[Function]}
          >
            <div>
              16
            </div>
          </div>
        </CalendarDay>
        <CalendarDay
          currentDate={"2018-10-12T15:00:00.000Z"}
          dateObj={
            Object {
              "date": 17,
              "moment": "2018-10-16T15:00:00.000Z",
              "month": 10,
              "year": 2018,
            }
          }
          key="17"
          onToggle={[MockFunction]}
        >
          <div
            className="cal-block"
            onClick={[Function]}
          >
            <div>
              17
            </div>
          </div>
        </CalendarDay>
        <CalendarDay
          currentDate={"2018-10-12T15:00:00.000Z"}
          dateObj={
            Object {
              "date": 18,
              "moment": "2018-10-17T15:00:00.000Z",
              "month": 10,
              "year": 2018,
            }
          }
          key="18"
          onToggle={[MockFunction]}
        >
          <div
            className="cal-block"
            onClick={[Function]}
          >
            <div>
              18
            </div>
          </div>
        </CalendarDay>
        <CalendarDay
          currentDate={"2018-10-12T15:00:00.000Z"}
          dateObj={
            Object {
              "date": 19,
              "moment": "2018-10-18T15:00:00.000Z",
              "month": 10,
              "year": 2018,
            }
          }
          key="19"
          onToggle={[MockFunction]}
        >
          <div
            className="cal-block"
            onClick={[Function]}
          >
            <div>
              19
            </div>
          </div>
        </CalendarDay>
        <CalendarDay
          currentDate={"2018-10-12T15:00:00.000Z"}
          dateObj={
            Object {
              "date": 20,
              "moment": "2018-10-19T15:00:00.000Z",
              "month": 10,
              "year": 2018,
            }
          }
          key="20"
          onToggle={[MockFunction]}
        >
          <div
            className="cal-block"
            onClick={[Function]}
          >
            <div>
              20
            </div>
          </div>
        </CalendarDay>
        <CalendarDay
          currentDate={"2018-10-12T15:00:00.000Z"}
          dateObj={
            Object {
              "date": 21,
              "moment": "2018-10-20T15:00:00.000Z",
              "month": 10,
              "year": 2018,
            }
          }
          key="21"
          onToggle={[MockFunction]}
        >
          <div
            className="cal-block"
            onClick={[Function]}
          >
            <div>
              21
            </div>
          </div>
        </CalendarDay>
        <CalendarDay
          currentDate={"2018-10-12T15:00:00.000Z"}
          dateObj={
            Object {
              "date": 22,
              "moment": "2018-10-21T15:00:00.000Z",
              "month": 10,
              "year": 2018,
            }
          }
          key="22"
          onToggle={[MockFunction]}
        >
          <div
            className="cal-block"
            onClick={[Function]}
          >
            <div>
              22
            </div>
          </div>
        </CalendarDay>
        <CalendarDay
          currentDate={"2018-10-12T15:00:00.000Z"}
          dateObj={
            Object {
              "date": 23,
              "moment": "2018-10-22T15:00:00.000Z",
              "month": 10,
              "year": 2018,
            }
          }
          key="23"
          onToggle={[MockFunction]}
        >
          <div
            className="cal-block"
            onClick={[Function]}
          >
            <div>
              23
            </div>
          </div>
        </CalendarDay>
        <CalendarDay
          currentDate={"2018-10-12T15:00:00.000Z"}
          dateObj={
            Object {
              "date": 24,
              "moment": "2018-10-23T15:00:00.000Z",
              "month": 10,
              "year": 2018,
            }
          }
          key="24"
          onToggle={[MockFunction]}
        >
          <div
            className="cal-block"
            onClick={[Function]}
          >
            <div>
              24
            </div>
          </div>
        </CalendarDay>
        <CalendarDay
          currentDate={"2018-10-12T15:00:00.000Z"}
          dateObj={
            Object {
              "date": 25,
              "moment": "2018-10-24T15:00:00.000Z",
              "month": 10,
              "year": 2018,
            }
          }
          key="25"
          onToggle={[MockFunction]}
        >
          <div
            className="cal-block"
            onClick={[Function]}
          >
            <div>
              25
            </div>
          </div>
        </CalendarDay>
        <CalendarDay
          currentDate={"2018-10-12T15:00:00.000Z"}
          dateObj={
            Object {
              "date": 26,
              "moment": "2018-10-25T15:00:00.000Z",
              "month": 10,
              "year": 2018,
            }
          }
          key="26"
          onToggle={[MockFunction]}
        >
          <div
            className="cal-block"
            onClick={[Function]}
          >
            <div>
              26
            </div>
          </div>
        </CalendarDay>
        <CalendarDay
          currentDate={"2018-10-12T15:00:00.000Z"}
          dateObj={
            Object {
              "date": 27,
              "moment": "2018-10-26T15:00:00.000Z",
              "month": 10,
              "year": 2018,
            }
          }
          key="27"
          onToggle={[MockFunction]}
        >
          <div
            className="cal-block"
            onClick={[Function]}
          >
            <div>
              27
            </div>
          </div>
        </CalendarDay>
        <CalendarDay
          currentDate={"2018-10-12T15:00:00.000Z"}
          dateObj={
            Object {
              "date": 28,
              "moment": "2018-10-27T15:00:00.000Z",
              "month": 10,
              "year": 2018,
            }
          }
          key="28"
          onToggle={[MockFunction]}
        >
          <div
            className="cal-block"
            onClick={[Function]}
          >
            <div>
              28
            </div>
          </div>
        </CalendarDay>
        <CalendarDay
          currentDate={"2018-10-12T15:00:00.000Z"}
          dateObj={
            Object {
              "date": 29,
              "moment": "2018-10-28T15:00:00.000Z",
              "month": 10,
              "year": 2018,
            }
          }
          key="29"
          onToggle={[MockFunction]}
        >
          <div
            className="cal-block"
            onClick={[Function]}
          >
            <div>
              29
            </div>
          </div>
        </CalendarDay>
        <CalendarDay
          currentDate={"2018-10-12T15:00:00.000Z"}
          dateObj={
            Object {
              "date": 30,
              "moment": "2018-10-29T15:00:00.000Z",
              "month": 10,
              "year": 2018,
            }
          }
          key="30"
          onToggle={[MockFunction]}
        >
          <div
            className="cal-block"
            onClick={[Function]}
          >
            <div>
              30
            </div>
          </div>
        </CalendarDay>
        <CalendarDay
          currentDate={"2018-10-12T15:00:00.000Z"}
          dateObj={
            Object {
              "date": 31,
              "moment": "2018-10-30T15:00:00.000Z",
              "month": 10,
              "year": 2018,
            }
          }
          key="31"
          onToggle={[MockFunction]}
        >
          <div
            className="cal-block"
            onClick={[Function]}
          >
            <div>
              31
            </div>
          </div>
        </CalendarDay>
        <CalendarDay
          currentDate={"2018-10-12T15:00:00.000Z"}
          dateObj={
            Object {
              "date": 1,
              "moment": "2018-10-31T15:00:00.000Z",
              "month": 11,
              "year": 2018,
            }
          }
          key="32"
          onToggle={[MockFunction]}
        >
          <div
            className="cal-block"
            onClick={[Function]}
          >
            <div>
              11월 1일
            </div>
          </div>
        </CalendarDay>
        <CalendarDay
          currentDate={"2018-10-12T15:00:00.000Z"}
          dateObj={
            Object {
              "date": 2,
              "moment": "2018-11-01T15:00:00.000Z",
              "month": 11,
              "year": 2018,
            }
          }
          key="33"
          onToggle={[MockFunction]}
        >
          <div
            className="cal-block"
            onClick={[Function]}
          >
            <div>
              11월 2일
            </div>
          </div>
        </CalendarDay>
        <CalendarDay
          currentDate={"2018-10-12T15:00:00.000Z"}
          dateObj={
            Object {
              "date": 3,
              "moment": "2018-11-02T15:00:00.000Z",
              "month": 11,
              "year": 2018,
            }
          }
          key="34"
          onToggle={[MockFunction]}
        >
          <div
            className="cal-block"
            onClick={[Function]}
          >
            <div>
              11월 3일
            </div>
          </div>
        </CalendarDay>
      </section>
    </MonthCalendar>
  </article>
</Calendar>
`;
