// Jest Snapshot v1, https://goo.gl/fbAQLP

exports[`<CalModal /> should be matched with the snapshot 1`] = `
<CalModal
  event={
    Object {
      "_id": "",
      "end_date": "2018-10-12T16:00:00.000Z",
      "start_date": "2018-10-12T15:00:00.000Z",
      "title": "title",
    }
  }
  events={Array []}
  isLoading={false}
  isOpen={false}
  notify={[MockFunction]}
  onChange={
    [MockFunction] {
      "calls": Array [
        Array [],
      ],
      "results": Array [
        Object {
          "isThrow": false,
          "value": undefined,
        },
      ],
    }
  }
  onDateChange={[MockFunction]}
  onToggle={
    [MockFunction] {
      "calls": Array [
        Array [],
      ],
      "results": Array [
        Object {
          "isThrow": false,
          "value": undefined,
        },
      ],
    }
  }
  setLoading={[MockFunction]}
  updateEvents={[MockFunction]}
>
  <Modal
    backdrop={true}
    className="cal-modal"
    isOpen={false}
    onToggle={
      [MockFunction] {
        "calls": Array [
          Array [],
        ],
        "results": Array [
          Object {
            "isThrow": false,
            "value": undefined,
          },
        ],
      }
    }
  />
</CalModal>
`;
