// Jest Snapshot v1, https://goo.gl/fbAQLP

exports[`<CalModal /> should be matched with the snapshot 1`] = `
<Modal
  backdrop={true}
  className="cal-modal"
  isOpen={false}
>
  <ModalDialog>
    <ModalHeader
      onToggle={
        [MockFunction] {
          "calls": Array [
            Array [],
          ],
          "results": Array [
            Object {
              "isThrow": false,
              "value": undefined,
            },
          ],
        }
      }
    >
      일정 추가 및 변경
    </ModalHeader>
    <form
      onSubmit={
        [MockFunction] {
          "calls": Array [
            Array [],
          ],
          "results": Array [
            Object {
              "isThrow": false,
              "value": undefined,
            },
          ],
        }
      }
    >
      <ModalBody>
        <input
          id="title"
          onChange={
            [MockFunction] {
              "calls": Array [
                Array [],
              ],
              "results": Array [
                Object {
                  "isThrow": false,
                  "value": undefined,
                },
              ],
            }
          }
          placeholder="일정 제목을 입력해주세요!"
          required={true}
          type="text"
          value="title"
        />
        <DateRange
          endDate={"2018-10-12T16:00:00.000Z"}
          onChange={[MockFunction]}
          startDate={"2018-10-12T15:00:00.000Z"}
        />
      </ModalBody>
      <ModalFooter>
        <button
          className="close-btn btn primary"
          onClick={
            [MockFunction] {
              "calls": Array [
                Array [],
              ],
              "results": Array [
                Object {
                  "isThrow": false,
                  "value": undefined,
                },
              ],
            }
          }
        >
          취소
        </button>
        <button
          className="submit-btn btn secondary"
          disabled={false}
          type="submit"
        >
          저장
        </button>
      </ModalFooter>
    </form>
  </ModalDialog>
</Modal>
`;
