// Jest Snapshot v1, https://goo.gl/fbAQLP

exports[`<EventBlock /> should be matched with the snapshot 1`] = `
<Button
  active={false}
  className="event-block"
  color=""
  draggable={true}
  onClick={
    [MockFunction] {
      "calls": Array [
        Array [],
      ],
      "results": Array [
        Object {
          "isThrow": false,
          "value": undefined,
        },
      ],
    }
  }
  onDragStart={
    [MockFunction] {
      "calls": Array [
        Array [],
      ],
      "results": Array [
        Object {
          "isThrow": false,
          "value": undefined,
        },
      ],
    }
  }
>
  09:00 Schedule1
</Button>
`;
