// Jest Snapshot v1, https://goo.gl/fbAQLP

exports[`<Modal /> shoud be matched with the snapshot 1`] = `
<Modal
  backdrop={true}
  isOpen={true}
  onToggle={[Function]}
>
  <Portal
    containerInfo={
      <div
        id="modal-root"
      >
        <div
          class="modal"
        >
          <div
            class="modal-dialog"
          >
            <div
              class="modal-header"
            >
              <div>
                일정 추가 및 수정
              </div>
              <button
                class="btn"
                type="button"
              >
                ×
              </button>
            </div>
            <div
              class="modal-body"
            >
              ModalBody
            </div>
            <div
              class="modal-footer"
            >
              <button>
                취소
              </button>
              <button>
                저장
              </button>
            </div>
          </div>
          <div
            class="modal-backdrop"
          />
        </div>
      </div>
    }
  >
    <div
      className="modal"
    >
      <ModalDialog>
        <div
          className="modal-dialog"
        >
          <ModalHeader
            onToggle={[MockFunction]}
          >
            <div
              className="modal-header"
            >
              <div>
                일정 추가 및 수정
              </div>
              <button
                className="btn"
                onClick={[MockFunction]}
                type="button"
              >
                ×
              </button>
            </div>
          </ModalHeader>
          <ModalBody>
            <div
              className="modal-body"
            >
              ModalBody
            </div>
          </ModalBody>
          <ModalFooter>
            <div
              className="modal-footer"
            >
              <button>
                취소
              </button>
              <button>
                저장
              </button>
            </div>
          </ModalFooter>
        </div>
      </ModalDialog>
      <div
        className="modal-backdrop"
        onClick={[Function]}
      />
    </div>
  </Portal>
</Modal>
`;
