// Jest Snapshot v1, https://goo.gl/fbAQLP

exports[`<Notification /> shoud be matched with the snapshot 1`] = `
<Notification
  isOpen={true}
  message="error occurred"
  onToggle={[MockFunction]}
  type="danger"
>
  <Modal
    backdrop={false}
    className="notification"
    isOpen={true}
    onToggle={[Function]}
  >
    <Portal
      containerInfo={
        <div
          id="modal-root"
        >
          <div
            class="modal notification"
          >
            <div
              class="modal-dialog danger"
            >
              <div
                class="modal-body"
              >
                <div>
                  error occurred
                </div>
                <button
                  class="btn"
                >
                  ×
                </button>
              </div>
            </div>
          </div>
        </div>
      }
    >
      <div
        className="modal notification"
      >
        <ModalDialog
          className="danger"
        >
          <div
            className="modal-dialog danger"
          >
            <ModalBody>
              <div
                className="modal-body"
              >
                <div>
                  error occurred
                </div>
                <Button
                  active={false}
                  color=""
                  onClick={[MockFunction]}
                >
                  <button
                    className="btn"
                    onClick={[MockFunction]}
                  >
                    ×
                  </button>
                </Button>
              </div>
            </ModalBody>
          </div>
        </ModalDialog>
      </div>
    </Portal>
  </Modal>
</Notification>
`;
