// Jest Snapshot v1, https://goo.gl/fbAQLP

exports[`<WeekCalendar /> should be matched with the snapshot 1`] = `
<section
  className="week-calendar"
>
  <div
    className="cal-block sm"
  />
  <div
    className="cal-block sm"
    key="0"
  >
    <div
      className="day"
    >
      일
    </div>
    <div>
      14
    </div>
  </div>
  <div
    className="cal-block sm"
    key="1"
  >
    <div
      className="day"
    >
      월
    </div>
    <div>
      15
    </div>
  </div>
  <div
    className="cal-block sm"
    key="2"
  >
    <div
      className="day"
    >
      화
    </div>
    <div>
      16
    </div>
  </div>
  <div
    className="cal-block sm"
    key="3"
  >
    <div
      className="day"
    >
      수
    </div>
    <div>
      17
    </div>
  </div>
  <div
    className="cal-block sm"
    key="4"
  >
    <div
      className="day"
    >
      목
    </div>
    <div>
      18
    </div>
  </div>
  <div
    className="cal-block sm"
    key="5"
  >
    <div
      className="day"
    >
      금
    </div>
    <div>
      19
    </div>
  </div>
  <div
    className="cal-block sm"
    key="6"
  >
    <div
      className="day"
    >
      토
    </div>
    <div>
      20
    </div>
  </div>
  <div
    className="cal-block sm"
  >
    <span
      className="hour"
    />
  </div>
  <CalendarTime
    key="0"
    onDrop={[Function]}
    onToggle={[Function]}
  >
    <EventBlock
      className="secondary"
      fluid={true}
      key="0"
      onDragStart={[Function]}
      onToggle={[Function]}
    >
      <div>
        title
      </div>
      <div>
        오전 00시
      </div>
    </EventBlock>
  </CalendarTime>
  <CalendarTime
    key="1"
    onDrop={[Function]}
    onToggle={[Function]}
  />
  <CalendarTime
    key="2"
    onDrop={[Function]}
    onToggle={[Function]}
  />
  <CalendarTime
    key="3"
    onDrop={[Function]}
    onToggle={[Function]}
  />
  <CalendarTime
    key="4"
    onDrop={[Function]}
    onToggle={[Function]}
  />
  <CalendarTime
    key="5"
    onDrop={[Function]}
    onToggle={[Function]}
  />
  <CalendarTime
    key="6"
    onDrop={[Function]}
    onToggle={[Function]}
  />
  <div
    className="cal-block sm"
  >
    <span
      className="hour"
    >
      오전 1시
    </span>
  </div>
  <CalendarTime
    key="0"
    onDrop={[Function]}
    onToggle={[Function]}
  />
  <CalendarTime
    key="1"
    onDrop={[Function]}
    onToggle={[Function]}
  />
  <CalendarTime
    key="2"
    onDrop={[Function]}
    onToggle={[Function]}
  />
  <CalendarTime
    key="3"
    onDrop={[Function]}
    onToggle={[Function]}
  />
  <CalendarTime
    key="4"
    onDrop={[Function]}
    onToggle={[Function]}
  />
  <CalendarTime
    key="5"
    onDrop={[Function]}
    onToggle={[Function]}
  />
  <CalendarTime
    key="6"
    onDrop={[Function]}
    onToggle={[Function]}
  />
  <div
    className="cal-block sm"
  >
    <span
      className="hour"
    >
      오전 2시
    </span>
  </div>
  <CalendarTime
    key="0"
    onDrop={[Function]}
    onToggle={[Function]}
  />
  <CalendarTime
    key="1"
    onDrop={[Function]}
    onToggle={[Function]}
  />
  <CalendarTime
    key="2"
    onDrop={[Function]}
    onToggle={[Function]}
  />
  <CalendarTime
    key="3"
    onDrop={[Function]}
    onToggle={[Function]}
  />
  <CalendarTime
    key="4"
    onDrop={[Function]}
    onToggle={[Function]}
  />
  <CalendarTime
    key="5"
    onDrop={[Function]}
    onToggle={[Function]}
  />
  <CalendarTime
    key="6"
    onDrop={[Function]}
    onToggle={[Function]}
  />
  <div
    className="cal-block sm"
  >
    <span
      className="hour"
    >
      오전 3시
    </span>
  </div>
  <CalendarTime
    key="0"
    onDrop={[Function]}
    onToggle={[Function]}
  />
  <CalendarTime
    key="1"
    onDrop={[Function]}
    onToggle={[Function]}
  />
  <CalendarTime
    key="2"
    onDrop={[Function]}
    onToggle={[Function]}
  />
  <CalendarTime
    key="3"
    onDrop={[Function]}
    onToggle={[Function]}
  />
  <CalendarTime
    key="4"
    onDrop={[Function]}
    onToggle={[Function]}
  />
  <CalendarTime
    key="5"
    onDrop={[Function]}
    onToggle={[Function]}
  />
  <CalendarTime
    key="6"
    onDrop={[Function]}
    onToggle={[Function]}
  />
  <div
    className="cal-block sm"
  >
    <span
      className="hour"
    >
      오전 4시
    </span>
  </div>
  <CalendarTime
    key="0"
    onDrop={[Function]}
    onToggle={[Function]}
  />
  <CalendarTime
    key="1"
    onDrop={[Function]}
    onToggle={[Function]}
  />
  <CalendarTime
    key="2"
    onDrop={[Function]}
    onToggle={[Function]}
  />
  <CalendarTime
    key="3"
    onDrop={[Function]}
    onToggle={[Function]}
  />
  <CalendarTime
    key="4"
    onDrop={[Function]}
    onToggle={[Function]}
  />
  <CalendarTime
    key="5"
    onDrop={[Function]}
    onToggle={[Function]}
  />
  <CalendarTime
    key="6"
    onDrop={[Function]}
    onToggle={[Function]}
  />
  <div
    className="cal-block sm"
  >
    <span
      className="hour"
    >
      오전 5시
    </span>
  </div>
  <CalendarTime
    key="0"
    onDrop={[Function]}
    onToggle={[Function]}
  />
  <CalendarTime
    key="1"
    onDrop={[Function]}
    onToggle={[Function]}
  />
  <CalendarTime
    key="2"
    onDrop={[Function]}
    onToggle={[Function]}
  />
  <CalendarTime
    key="3"
    onDrop={[Function]}
    onToggle={[Function]}
  />
  <CalendarTime
    key="4"
    onDrop={[Function]}
    onToggle={[Function]}
  />
  <CalendarTime
    key="5"
    onDrop={[Function]}
    onToggle={[Function]}
  />
  <CalendarTime
    key="6"
    onDrop={[Function]}
    onToggle={[Function]}
  />
  <div
    className="cal-block sm"
  >
    <span
      className="hour"
    >
      오전 6시
    </span>
  </div>
  <CalendarTime
    key="0"
    onDrop={[Function]}
    onToggle={[Function]}
  />
  <CalendarTime
    key="1"
    onDrop={[Function]}
    onToggle={[Function]}
  />
  <CalendarTime
    key="2"
    onDrop={[Function]}
    onToggle={[Function]}
  />
  <CalendarTime
    key="3"
    onDrop={[Function]}
    onToggle={[Function]}
  />
  <CalendarTime
    key="4"
    onDrop={[Function]}
    onToggle={[Function]}
  />
  <CalendarTime
    key="5"
    onDrop={[Function]}
    onToggle={[Function]}
  />
  <CalendarTime
    key="6"
    onDrop={[Function]}
    onToggle={[Function]}
  />
  <div
    className="cal-block sm"
  >
    <span
      className="hour"
    >
      오전 7시
    </span>
  </div>
  <CalendarTime
    key="0"
    onDrop={[Function]}
    onToggle={[Function]}
  />
  <CalendarTime
    key="1"
    onDrop={[Function]}
    onToggle={[Function]}
  />
  <CalendarTime
    key="2"
    onDrop={[Function]}
    onToggle={[Function]}
  />
  <CalendarTime
    key="3"
    onDrop={[Function]}
    onToggle={[Function]}
  />
  <CalendarTime
    key="4"
    onDrop={[Function]}
    onToggle={[Function]}
  />
  <CalendarTime
    key="5"
    onDrop={[Function]}
    onToggle={[Function]}
  />
  <CalendarTime
    key="6"
    onDrop={[Function]}
    onToggle={[Function]}
  />
  <div
    className="cal-block sm"
  >
    <span
      className="hour"
    >
      오전 8시
    </span>
  </div>
  <CalendarTime
    key="0"
    onDrop={[Function]}
    onToggle={[Function]}
  />
  <CalendarTime
    key="1"
    onDrop={[Function]}
    onToggle={[Function]}
  />
  <CalendarTime
    key="2"
    onDrop={[Function]}
    onToggle={[Function]}
  />
  <CalendarTime
    key="3"
    onDrop={[Function]}
    onToggle={[Function]}
  />
  <CalendarTime
    key="4"
    onDrop={[Function]}
    onToggle={[Function]}
  />
  <CalendarTime
    key="5"
    onDrop={[Function]}
    onToggle={[Function]}
  />
  <CalendarTime
    key="6"
    onDrop={[Function]}
    onToggle={[Function]}
  />
  <div
    className="cal-block sm"
  >
    <span
      className="hour"
    >
      오전 9시
    </span>
  </div>
  <CalendarTime
    key="0"
    onDrop={[Function]}
    onToggle={[Function]}
  />
  <CalendarTime
    key="1"
    onDrop={[Function]}
    onToggle={[Function]}
  />
  <CalendarTime
    key="2"
    onDrop={[Function]}
    onToggle={[Function]}
  />
  <CalendarTime
    key="3"
    onDrop={[Function]}
    onToggle={[Function]}
  />
  <CalendarTime
    key="4"
    onDrop={[Function]}
    onToggle={[Function]}
  />
  <CalendarTime
    key="5"
    onDrop={[Function]}
    onToggle={[Function]}
  />
  <CalendarTime
    key="6"
    onDrop={[Function]}
    onToggle={[Function]}
  />
  <div
    className="cal-block sm"
  >
    <span
      className="hour"
    >
      오전 10시
    </span>
  </div>
  <CalendarTime
    key="0"
    onDrop={[Function]}
    onToggle={[Function]}
  />
  <CalendarTime
    key="1"
    onDrop={[Function]}
    onToggle={[Function]}
  />
  <CalendarTime
    key="2"
    onDrop={[Function]}
    onToggle={[Function]}
  />
  <CalendarTime
    key="3"
    onDrop={[Function]}
    onToggle={[Function]}
  />
  <CalendarTime
    key="4"
    onDrop={[Function]}
    onToggle={[Function]}
  />
  <CalendarTime
    key="5"
    onDrop={[Function]}
    onToggle={[Function]}
  />
  <CalendarTime
    key="6"
    onDrop={[Function]}
    onToggle={[Function]}
  />
  <div
    className="cal-block sm"
  >
    <span
      className="hour"
    >
      오전 11시
    </span>
  </div>
  <CalendarTime
    key="0"
    onDrop={[Function]}
    onToggle={[Function]}
  />
  <CalendarTime
    key="1"
    onDrop={[Function]}
    onToggle={[Function]}
  />
  <CalendarTime
    key="2"
    onDrop={[Function]}
    onToggle={[Function]}
  />
  <CalendarTime
    key="3"
    onDrop={[Function]}
    onToggle={[Function]}
  />
  <CalendarTime
    key="4"
    onDrop={[Function]}
    onToggle={[Function]}
  />
  <CalendarTime
    key="5"
    onDrop={[Function]}
    onToggle={[Function]}
  />
  <CalendarTime
    key="6"
    onDrop={[Function]}
    onToggle={[Function]}
  />
  <div
    className="cal-block sm"
  >
    <span
      className="hour"
    >
      오후 12시
    </span>
  </div>
  <CalendarTime
    key="0"
    onDrop={[Function]}
    onToggle={[Function]}
  />
  <CalendarTime
    key="1"
    onDrop={[Function]}
    onToggle={[Function]}
  />
  <CalendarTime
    key="2"
    onDrop={[Function]}
    onToggle={[Function]}
  />
  <CalendarTime
    key="3"
    onDrop={[Function]}
    onToggle={[Function]}
  />
  <CalendarTime
    key="4"
    onDrop={[Function]}
    onToggle={[Function]}
  />
  <CalendarTime
    key="5"
    onDrop={[Function]}
    onToggle={[Function]}
  />
  <CalendarTime
    key="6"
    onDrop={[Function]}
    onToggle={[Function]}
  />
  <div
    className="cal-block sm"
  >
    <span
      className="hour"
    >
      오후 1시
    </span>
  </div>
  <CalendarTime
    key="0"
    onDrop={[Function]}
    onToggle={[Function]}
  />
  <CalendarTime
    key="1"
    onDrop={[Function]}
    onToggle={[Function]}
  />
  <CalendarTime
    key="2"
    onDrop={[Function]}
    onToggle={[Function]}
  />
  <CalendarTime
    key="3"
    onDrop={[Function]}
    onToggle={[Function]}
  />
  <CalendarTime
    key="4"
    onDrop={[Function]}
    onToggle={[Function]}
  />
  <CalendarTime
    key="5"
    onDrop={[Function]}
    onToggle={[Function]}
  />
  <CalendarTime
    key="6"
    onDrop={[Function]}
    onToggle={[Function]}
  />
  <div
    className="cal-block sm"
  >
    <span
      className="hour"
    >
      오후 2시
    </span>
  </div>
  <CalendarTime
    key="0"
    onDrop={[Function]}
    onToggle={[Function]}
  />
  <CalendarTime
    key="1"
    onDrop={[Function]}
    onToggle={[Function]}
  />
  <CalendarTime
    key="2"
    onDrop={[Function]}
    onToggle={[Function]}
  />
  <CalendarTime
    key="3"
    onDrop={[Function]}
    onToggle={[Function]}
  />
  <CalendarTime
    key="4"
    onDrop={[Function]}
    onToggle={[Function]}
  />
  <CalendarTime
    key="5"
    onDrop={[Function]}
    onToggle={[Function]}
  />
  <CalendarTime
    key="6"
    onDrop={[Function]}
    onToggle={[Function]}
  />
  <div
    className="cal-block sm"
  >
    <span
      className="hour"
    >
      오후 3시
    </span>
  </div>
  <CalendarTime
    key="0"
    onDrop={[Function]}
    onToggle={[Function]}
  />
  <CalendarTime
    key="1"
    onDrop={[Function]}
    onToggle={[Function]}
  />
  <CalendarTime
    key="2"
    onDrop={[Function]}
    onToggle={[Function]}
  />
  <CalendarTime
    key="3"
    onDrop={[Function]}
    onToggle={[Function]}
  />
  <CalendarTime
    key="4"
    onDrop={[Function]}
    onToggle={[Function]}
  />
  <CalendarTime
    key="5"
    onDrop={[Function]}
    onToggle={[Function]}
  />
  <CalendarTime
    key="6"
    onDrop={[Function]}
    onToggle={[Function]}
  />
  <div
    className="cal-block sm"
  >
    <span
      className="hour"
    >
      오후 4시
    </span>
  </div>
  <CalendarTime
    key="0"
    onDrop={[Function]}
    onToggle={[Function]}
  />
  <CalendarTime
    key="1"
    onDrop={[Function]}
    onToggle={[Function]}
  />
  <CalendarTime
    key="2"
    onDrop={[Function]}
    onToggle={[Function]}
  />
  <CalendarTime
    key="3"
    onDrop={[Function]}
    onToggle={[Function]}
  />
  <CalendarTime
    key="4"
    onDrop={[Function]}
    onToggle={[Function]}
  />
  <CalendarTime
    key="5"
    onDrop={[Function]}
    onToggle={[Function]}
  />
  <CalendarTime
    key="6"
    onDrop={[Function]}
    onToggle={[Function]}
  />
  <div
    className="cal-block sm"
  >
    <span
      className="hour"
    >
      오후 5시
    </span>
  </div>
  <CalendarTime
    key="0"
    onDrop={[Function]}
    onToggle={[Function]}
  />
  <CalendarTime
    key="1"
    onDrop={[Function]}
    onToggle={[Function]}
  />
  <CalendarTime
    key="2"
    onDrop={[Function]}
    onToggle={[Function]}
  />
  <CalendarTime
    key="3"
    onDrop={[Function]}
    onToggle={[Function]}
  />
  <CalendarTime
    key="4"
    onDrop={[Function]}
    onToggle={[Function]}
  />
  <CalendarTime
    key="5"
    onDrop={[Function]}
    onToggle={[Function]}
  />
  <CalendarTime
    key="6"
    onDrop={[Function]}
    onToggle={[Function]}
  />
  <div
    className="cal-block sm"
  >
    <span
      className="hour"
    >
      오후 6시
    </span>
  </div>
  <CalendarTime
    key="0"
    onDrop={[Function]}
    onToggle={[Function]}
  />
  <CalendarTime
    key="1"
    onDrop={[Function]}
    onToggle={[Function]}
  />
  <CalendarTime
    key="2"
    onDrop={[Function]}
    onToggle={[Function]}
  />
  <CalendarTime
    key="3"
    onDrop={[Function]}
    onToggle={[Function]}
  />
  <CalendarTime
    key="4"
    onDrop={[Function]}
    onToggle={[Function]}
  />
  <CalendarTime
    key="5"
    onDrop={[Function]}
    onToggle={[Function]}
  />
  <CalendarTime
    key="6"
    onDrop={[Function]}
    onToggle={[Function]}
  />
  <div
    className="cal-block sm"
  >
    <span
      className="hour"
    >
      오후 7시
    </span>
  </div>
  <CalendarTime
    key="0"
    onDrop={[Function]}
    onToggle={[Function]}
  />
  <CalendarTime
    key="1"
    onDrop={[Function]}
    onToggle={[Function]}
  />
  <CalendarTime
    key="2"
    onDrop={[Function]}
    onToggle={[Function]}
  />
  <CalendarTime
    key="3"
    onDrop={[Function]}
    onToggle={[Function]}
  />
  <CalendarTime
    key="4"
    onDrop={[Function]}
    onToggle={[Function]}
  />
  <CalendarTime
    key="5"
    onDrop={[Function]}
    onToggle={[Function]}
  />
  <CalendarTime
    key="6"
    onDrop={[Function]}
    onToggle={[Function]}
  />
  <div
    className="cal-block sm"
  >
    <span
      className="hour"
    >
      오후 8시
    </span>
  </div>
  <CalendarTime
    key="0"
    onDrop={[Function]}
    onToggle={[Function]}
  />
  <CalendarTime
    key="1"
    onDrop={[Function]}
    onToggle={[Function]}
  />
  <CalendarTime
    key="2"
    onDrop={[Function]}
    onToggle={[Function]}
  />
  <CalendarTime
    key="3"
    onDrop={[Function]}
    onToggle={[Function]}
  />
  <CalendarTime
    key="4"
    onDrop={[Function]}
    onToggle={[Function]}
  />
  <CalendarTime
    key="5"
    onDrop={[Function]}
    onToggle={[Function]}
  />
  <CalendarTime
    key="6"
    onDrop={[Function]}
    onToggle={[Function]}
  />
  <div
    className="cal-block sm"
  >
    <span
      className="hour"
    >
      오후 9시
    </span>
  </div>
  <CalendarTime
    key="0"
    onDrop={[Function]}
    onToggle={[Function]}
  />
  <CalendarTime
    key="1"
    onDrop={[Function]}
    onToggle={[Function]}
  />
  <CalendarTime
    key="2"
    onDrop={[Function]}
    onToggle={[Function]}
  />
  <CalendarTime
    key="3"
    onDrop={[Function]}
    onToggle={[Function]}
  />
  <CalendarTime
    key="4"
    onDrop={[Function]}
    onToggle={[Function]}
  />
  <CalendarTime
    key="5"
    onDrop={[Function]}
    onToggle={[Function]}
  />
  <CalendarTime
    key="6"
    onDrop={[Function]}
    onToggle={[Function]}
  />
  <div
    className="cal-block sm"
  >
    <span
      className="hour"
    >
      오후 10시
    </span>
  </div>
  <CalendarTime
    key="0"
    onDrop={[Function]}
    onToggle={[Function]}
  />
  <CalendarTime
    key="1"
    onDrop={[Function]}
    onToggle={[Function]}
  />
  <CalendarTime
    key="2"
    onDrop={[Function]}
    onToggle={[Function]}
  />
  <CalendarTime
    key="3"
    onDrop={[Function]}
    onToggle={[Function]}
  />
  <CalendarTime
    key="4"
    onDrop={[Function]}
    onToggle={[Function]}
  />
  <CalendarTime
    key="5"
    onDrop={[Function]}
    onToggle={[Function]}
  />
  <CalendarTime
    key="6"
    onDrop={[Function]}
    onToggle={[Function]}
  />
  <div
    className="cal-block sm"
  >
    <span
      className="hour"
    >
      오후 11시
    </span>
  </div>
  <CalendarTime
    key="0"
    onDrop={[Function]}
    onToggle={[Function]}
  />
  <CalendarTime
    key="1"
    onDrop={[Function]}
    onToggle={[Function]}
  />
  <CalendarTime
    key="2"
    onDrop={[Function]}
    onToggle={[Function]}
  />
  <CalendarTime
    key="3"
    onDrop={[Function]}
    onToggle={[Function]}
  />
  <CalendarTime
    key="4"
    onDrop={[Function]}
    onToggle={[Function]}
  />
  <CalendarTime
    key="5"
    onDrop={[Function]}
    onToggle={[Function]}
  />
  <CalendarTime
    key="6"
    onDrop={[Function]}
    onToggle={[Function]}
  />
</section>
`;
